// Jest Snapshot v1, https://goo.gl/fbAQLP

exports[`CdrFormGroup renders correctly 1`] = `
<fieldset
  class="cdr-form-group"
>
  <legend>
    
    hey
    
    <!--v-if-->
    <!--v-if-->
  </legend>
  <div
    class="cdr-form-group__wrapper"
  >
    
    form elements!
    
  </div>
  <!--v-if-->
</fieldset>
`;
