// Jest Snapshot v1, https://goo.gl/fbAQLP

exports[`CdrCaption renders correctly 1`] = `
<div
  class="cdr-caption"
>
  <p
    class="cdr-caption__summary"
  >
    This is a summary
  </p>
  <cite
    class="cdr-caption__cite"
  >
    This is a credit
  </cite>
</div>
`;
