// Jest Snapshot v1, https://goo.gl/fbAQLP

exports[`CdrTabPanel renders tab 1`] = `
<div
  aria-hidden="true"
  aria-labelledby="tab1"
  class="cdr-tab-panel"
  hidden=""
  id="tab1"
  role="tabpanel"
  tabindex="0"
>
  
  
</div>
`;
