// Jest Snapshot v1, https://goo.gl/fbAQLP

exports[`CdrAlert matches snapshot 1`] = `
<div
  class="cdr-alert cdr-alert--info"
>
  
  ðŸ¤ª hey im an alert
  
</div>
`;
